I0417 14:46:08.303711 18481 processor.cc:820] Processor: start processing batch ad86cac3-7415-4a81-8ea8-98e6bce2b9ca into model nwt
I0417 14:46:08.347571 18478 processor.cc:925] Processor: complete processing batch 7cd0dbad-3b13-4428-9545-aa0a26ceb3e9 into model nwt
I0417 14:46:08.348649 18478 cuckoo_watch.h:45] 52ms in ProcessBatch(school_batches/aaaaae.batch) [including 3ms in LoadMessage; 3ms in InitializeSparseNdw; 0ms in FindReuseThetaCacheEntry; 0ms in InitializeTheta; 0ms in CreateRegularizerAgents; 15ms in InferThetaAndUpdateNwtSparse; 0ms in UpdateCacheEntry; 14ms in CalculateScore(PerplexityScore); 2ms in CalculateScore(SparsityThetaScore); 11ms in CalculateScore(^^^ItemsProcessedScore^^^); ]
I0417 14:46:08.349833 18480 processor.cc:925] Processor: complete processing batch 5d1366a1-3125-4acd-9b37-82a44ff3dbde into model nwt
I0417 14:46:08.350960 18480 cuckoo_watch.h:45] 54ms in ProcessBatch(school_batches/aaaaaa.batch) [including 3ms in LoadMessage; 3ms in InitializeSparseNdw; 0ms in FindReuseThetaCacheEntry; 0ms in InitializeTheta; 0ms in CreateRegularizerAgents; 15ms in InferThetaAndUpdateNwtSparse; 0ms in UpdateCacheEntry; 15ms in CalculateScore(PerplexityScore); 2ms in CalculateScore(SparsityThetaScore); 13ms in CalculateScore(^^^ItemsProcessedScore^^^); ]
I0417 14:46:08.351696 18478 processor.cc:820] Processor: start processing batch 6bbb9b60-6bdc-44be-8fe8-852fc962571a into model nwt
I0417 14:46:08.371510 18480 processor.cc:740] No data in processing queue, waiting...
I0417 14:46:08.372786 18481 processor.cc:925] Processor: complete processing batch ad86cac3-7415-4a81-8ea8-98e6bce2b9ca into model nwt
I0417 14:46:08.373611 18479 processor.cc:925] Processor: complete processing batch f97ee201-c579-49cd-9ecd-0c860a5e6975 into model nwt
I0417 14:46:08.373984 18481 cuckoo_watch.h:45] 78ms in ProcessBatch(school_batches/aaaaad.batch) [including 8ms in LoadMessage; 3ms in InitializeSparseNdw; 0ms in FindReuseThetaCacheEntry; 0ms in InitializeTheta; 0ms in CreateRegularizerAgents; 27ms in InferThetaAndUpdateNwtSparse; 0ms in UpdateCacheEntry; 22ms in CalculateScore(PerplexityScore); 2ms in CalculateScore(SparsityThetaScore); 13ms in CalculateScore(^^^ItemsProcessedScore^^^); ]
I0417 14:46:08.374735 18479 cuckoo_watch.h:45] 78ms in ProcessBatch(school_batches/aaaaab.batch) [including 3ms in LoadMessage; 15ms in InitializeSparseNdw; 0ms in FindReuseThetaCacheEntry; 0ms in InitializeTheta; 0ms in CreateRegularizerAgents; 28ms in InferThetaAndUpdateNwtSparse; 0ms in UpdateCacheEntry; 14ms in CalculateScore(PerplexityScore); 2ms in CalculateScore(SparsityThetaScore); 12ms in CalculateScore(^^^ItemsProcessedScore^^^); ]
I0417 14:46:08.394117 18481 processor.cc:740] No data in processing queue, waiting...
I0417 14:46:08.394901 18479 processor.cc:740] No data in processing queue, waiting...
I0417 14:46:08.397439 18478 processor.cc:925] Processor: complete processing batch 6bbb9b60-6bdc-44be-8fe8-852fc962571a into model nwt
I0417 14:46:08.398357 18478 cuckoo_watch.h:45] 49ms in ProcessBatch(school_batches/aaaaac.batch) [including 3ms in LoadMessage; 2ms in InitializeSparseNdw; 0ms in FindReuseThetaCacheEntry; 0ms in InitializeTheta; 0ms in CreateRegularizerAgents; 15ms in InferThetaAndUpdateNwtSparse; 0ms in UpdateCacheEntry; 13ms in CalculateScore(PerplexityScore); 2ms in CalculateScore(SparsityThetaScore); 11ms in CalculateScore(^^^ItemsProcessedScore^^^); ]
I0417 14:46:08.398653 18392 master_component.cc:1436] RegularizeModelArgs: rwt_target_name=rwt, pwt_source_name=pwt, nwt_source_name=nwt
I0417 14:46:08.398663 18392 master_component.cc:976] MasterComponent: start regularizing model pwt
I0417 14:46:08.418498 18478 processor.cc:740] No data in processing queue, waiting...
I0417 14:46:08.445700 18392 master_component.cc:1002] MasterComponent: complete regularizing model pwt
I0417 14:46:08.445724 18392 master_component.cc:1449] NormalizeModelArgs: pwt_target_name=pwt, nwt_source_name=nwt, rwt_source_name=rwt
I0417 14:46:08.445726 18392 master_component.cc:1006] MasterComponent: start normalizing model nwt
I0417 14:46:08.475383 18392 master_component.cc:1034] MasterComponent: complete normalizing model nwt
I0417 14:46:08.494336 18392 master_component.cc:1473] DisposeModel rwt
I0417 14:46:08.498759 18392 master_component.cc:1059] FitOffline: ItemsProcessed, num_items=476, num_batches=5, token_weight=160411, token_weight_in_effect=160411
I0417 14:46:08.499071 18392 c_interface.cc:389] Pass FitOfflineMasterModelArgs, batch_filename_size=5, batch_weight_size=5, num_collection_passes=1, reset_nwt=yes to MN4artm4core15MasterComponentEFvRKNS_25FitOfflineMasterModelArgsEE
I0417 14:46:08.499096 18392 master_component.cc:1398] ProcessBatchesArgs: nwt_target_name=nwt, batch_filename_size=5, batch_size=0, batch_weight_size=5, pwt_source_name=pwt, num_document_passes=1, regularizer=(name:SparsePhi, tau:-100), class=(text:1), reuse_theta=yes, opt_for_avx=yes, predict_class_id=, reset_nwt=yes
I0417 14:46:08.504590 18479 processor.cc:747] Processing queue has data, processing started
I0417 14:46:08.504704 18478 processor.cc:747] Processing queue has data, processing started
I0417 14:46:08.505792 18480 processor.cc:747] Processing queue has data, processing started
I0417 14:46:08.506536 18481 processor.cc:747] Processing queue has data, processing started
I0417 14:46:08.507855 18478 processor.cc:820] Processor: start processing batch ad86cac3-7415-4a81-8ea8-98e6bce2b9ca into model nwt
I0417 14:46:08.507899 18479 processor.cc:820] Processor: start processing batch 5d1366a1-3125-4acd-9b37-82a44ff3dbde into model nwt
I0417 14:46:08.508741 18480 processor.cc:820] Processor: start processing batch 7cd0dbad-3b13-4428-9545-aa0a26ceb3e9 into model nwt
I0417 14:46:08.509557 18481 processor.cc:820] Processor: start processing batch f97ee201-c579-49cd-9ecd-0c860a5e6975 into model nwt
I0417 14:46:08.552166 18480 processor.cc:925] Processor: complete processing batch 7cd0dbad-3b13-4428-9545-aa0a26ceb3e9 into model nwt
I0417 14:46:08.553285 18480 cuckoo_watch.h:45] 47ms in ProcessBatch(school_batches/aaaaae.batch) [including 2ms in LoadMessage; 2ms in InitializeSparseNdw; 0ms in FindReuseThetaCacheEntry; 0ms in InitializeTheta; 0ms in CreateRegularizerAgents; 13ms in InferThetaAndUpdateNwtSparse; 0ms in UpdateCacheEntry; 13ms in CalculateScore(PerplexityScore); 2ms in CalculateScore(SparsityThetaScore); 12ms in CalculateScore(^^^ItemsProcessedScore^^^); ]
I0417 14:46:08.553354 18478 processor.cc:925] Processor: complete processing batch ad86cac3-7415-4a81-8ea8-98e6bce2b9ca into model nwt
I0417 14:46:08.554538 18478 cuckoo_watch.h:45] 49ms in ProcessBatch(school_batches/aaaaad.batch) [including 3ms in LoadMessage; 2ms in InitializeSparseNdw; 0ms in FindReuseThetaCacheEntry; 0ms in InitializeTheta; 0ms in CreateRegularizerAgents; 13ms in InferThetaAndUpdateNwtSparse; 0ms in UpdateCacheEntry; 13ms in CalculateScore(PerplexityScore); 2ms in CalculateScore(SparsityThetaScore); 12ms in CalculateScore(^^^ItemsProcessedScore^^^); ]
I0417 14:46:08.554860 18479 processor.cc:925] Processor: complete processing batch 5d1366a1-3125-4acd-9b37-82a44ff3dbde into model nwt
I0417 14:46:08.556201 18480 processor.cc:820] Processor: start processing batch 6bbb9b60-6bdc-44be-8fe8-852fc962571a into model nwt
I0417 14:46:08.556229 18479 cuckoo_watch.h:45] 51ms in ProcessBatch(school_batches/aaaaaa.batch) [including 3ms in LoadMessage; 3ms in InitializeSparseNdw; 0ms in FindReuseThetaCacheEntry; 0ms in InitializeTheta; 0ms in CreateRegularizerAgents; 14ms in InferThetaAndUpdateNwtSparse; 0ms in UpdateCacheEntry; 14ms in CalculateScore(PerplexityScore); 2ms in CalculateScore(SparsityThetaScore); 12ms in CalculateScore(^^^ItemsProcessedScore^^^); ]
I0417 14:46:08.556833 18481 processor.cc:925] Processor: complete processing batch f97ee201-c579-49cd-9ecd-0c860a5e6975 into model nwt
I0417 14:46:08.557987 18481 cuckoo_watch.h:45] 51ms in ProcessBatch(school_batches/aaaaab.batch) [including 2ms in LoadMessage; 3ms in InitializeSparseNdw; 0ms in FindReuseThetaCacheEntry; 0ms in InitializeTheta; 0ms in CreateRegularizerAgents; 13ms in InferThetaAndUpdateNwtSparse; 0ms in UpdateCacheEntry; 14ms in CalculateScore(PerplexityScore); 2ms in CalculateScore(SparsityThetaScore); 12ms in CalculateScore(^^^ItemsProcessedScore^^^); ]
I0417 14:46:08.575263 18478 processor.cc:740] No data in processing queue, waiting...
I0417 14:46:08.576328 18479 processor.cc:740] No data in processing queue, waiting...
I0417 14:46:08.578153 18481 processor.cc:740] No data in processing queue, waiting...
I0417 14:46:08.603571 18480 processor.cc:925] Processor: complete processing batch 6bbb9b60-6bdc-44be-8fe8-852fc962571a into model nwt
I0417 14:46:08.604602 18480 cuckoo_watch.h:45] 51ms in ProcessBatch(school_batches/aaaaac.batch) [including 2ms in LoadMessage; 3ms in InitializeSparseNdw; 0ms in FindReuseThetaCacheEntry; 0ms in InitializeTheta; 0ms in CreateRegularizerAgents; 15ms in InferThetaAndUpdateNwtSparse; 0ms in UpdateCacheEntry; 13ms in CalculateScore(PerplexityScore); 2ms in CalculateScore(SparsityThetaScore); 12ms in CalculateScore(^^^ItemsProcessedScore^^^); ]
I0417 14:46:08.605036 18392 master_component.cc:1436] RegularizeModelArgs: rwt_target_name=rwt, pwt_source_name=pwt, nwt_source_name=nwt
I0417 14:46:08.605043 18392 master_component.cc:976] MasterComponent: start regularizing model pwt
I0417 14:46:08.624836 18480 processor.cc:740] No data in processing queue, waiting...
I0417 14:46:08.653604 18392 master_component.cc:1002] MasterComponent: complete regularizing model pwt
I0417 14:46:08.653626 18392 master_component.cc:1449] NormalizeModelArgs: pwt_target_name=pwt, nwt_source_name=nwt, rwt_source_name=rwt
I0417 14:46:08.653630 18392 master_component.cc:1006] MasterComponent: start normalizing model nwt
I0417 14:46:08.683137 18392 master_component.cc:1034] MasterComponent: complete normalizing model nwt
I0417 14:46:08.701922 18392 master_component.cc:1473] DisposeModel rwt
I0417 14:46:08.706411 18392 master_component.cc:1059] FitOffline: ItemsProcessed, num_items=476, num_batches=5, token_weight=160411, token_weight_in_effect=160411
I0417 14:46:35.043570 18392 c_interface.cc:231] ArtmCopyRequestedMessage is copying 203414 bytes...
